FAIL: Scenario Configuration Validation Scenario: C002_S1 should have exactly 3 investigation points (interrogatorios) for each city in the route 
MESSAGE: AssertionError: City "Paris" in scenario C002_S1 should have exactly 3 interrogation points: expected 6 to be 3 // Object.is equality
    at C:/Users/alanb/Projetos/operacao-meridian/frontend/src/game/__tests__/Scenarios.test.js:31:146
    at Array.forEach (<anonymous>)
    at C:/Users/alanb/Projetos/operacao-meridian/frontend/src/game/__tests__/Scenarios.test.js:29:32
    at file:///C:/Users/alanb/Projetos/operacao-meridian/frontend/node_modules/@vitest/runner/dist/index.js:145:11
    at file:///C:/Users/alanb/Projetos/operacao-meridian/frontend/node_modules/@vitest/runner/dist/index.js:915:26
    at file:///C:/Users/alanb/Projetos/operacao-meridian/frontend/node_modules/@vitest/runner/dist/index.js:1243:20
    at new Promise (<anonymous>)
    at runWithTimeout (file:///C:/Users/alanb/Projetos/operacao-meridian/frontend/node_modules/@vitest/runner/dist/index.js:1209:10)
    at file:///C:/Users/alanb/Projetos/operacao-meridian/frontend/node_modules/@vitest/runner/dist/index.js:1653:37
    at Traces.$ (file:///C:/Users/alanb/Projetos/operacao-meridian/frontend/node_modules/vitest/dist/chunks/traces.CCmnQaNT.js:142:27)
FAIL: Scenario Configuration Validation Scenario: C002_S2 should have exactly 3 investigation points (interrogatorios) for each city in the route 
MESSAGE: AssertionError: City "Paris" in scenario C002_S2 should have exactly 3 interrogation points: expected 6 to be 3 // Object.is equality
    at C:/Users/alanb/Projetos/operacao-meridian/frontend/src/game/__tests__/Scenarios.test.js:31:146
    at Array.forEach (<anonymous>)
    at C:/Users/alanb/Projetos/operacao-meridian/frontend/src/game/__tests__/Scenarios.test.js:29:32
    at file:///C:/Users/alanb/Projetos/operacao-meridian/frontend/node_modules/@vitest/runner/dist/index.js:145:11
    at file:///C:/Users/alanb/Projetos/operacao-meridian/frontend/node_modules/@vitest/runner/dist/index.js:915:26
    at file:///C:/Users/alanb/Projetos/operacao-meridian/frontend/node_modules/@vitest/runner/dist/index.js:1243:20
    at new Promise (<anonymous>)
    at runWithTimeout (file:///C:/Users/alanb/Projetos/operacao-meridian/frontend/node_modules/@vitest/runner/dist/index.js:1209:10)
    at file:///C:/Users/alanb/Projetos/operacao-meridian/frontend/node_modules/@vitest/runner/dist/index.js:1653:37
    at Traces.$ (file:///C:/Users/alanb/Projetos/operacao-meridian/frontend/node_modules/vitest/dist/chunks/traces.CCmnQaNT.js:142:27)
FAIL: Scenario Configuration Validation Scenario: C002_S3 should have exactly 3 investigation points (interrogatorios) for each city in the route 
MESSAGE: AssertionError: City "Paris" in scenario C002_S3 should have exactly 3 interrogation points: expected 6 to be 3 // Object.is equality
    at C:/Users/alanb/Projetos/operacao-meridian/frontend/src/game/__tests__/Scenarios.test.js:31:146
    at Array.forEach (<anonymous>)
    at C:/Users/alanb/Projetos/operacao-meridian/frontend/src/game/__tests__/Scenarios.test.js:29:32
    at file:///C:/Users/alanb/Projetos/operacao-meridian/frontend/node_modules/@vitest/runner/dist/index.js:145:11
    at file:///C:/Users/alanb/Projetos/operacao-meridian/frontend/node_modules/@vitest/runner/dist/index.js:915:26
    at file:///C:/Users/alanb/Projetos/operacao-meridian/frontend/node_modules/@vitest/runner/dist/index.js:1243:20
    at new Promise (<anonymous>)
    at runWithTimeout (file:///C:/Users/alanb/Projetos/operacao-meridian/frontend/node_modules/@vitest/runner/dist/index.js:1209:10)
    at file:///C:/Users/alanb/Projetos/operacao-meridian/frontend/node_modules/@vitest/runner/dist/index.js:1653:37
    at Traces.$ (file:///C:/Users/alanb/Projetos/operacao-meridian/frontend/node_modules/vitest/dist/chunks/traces.CCmnQaNT.js:142:27)
FAIL: Scenario Configuration Validation Scenario: C002_S4 should have exactly 3 investigation points (interrogatorios) for each city in the route 
MESSAGE: AssertionError: City "Paris" in scenario C002_S4 should have exactly 3 interrogation points: expected 6 to be 3 // Object.is equality
    at C:/Users/alanb/Projetos/operacao-meridian/frontend/src/game/__tests__/Scenarios.test.js:31:146
    at Array.forEach (<anonymous>)
    at C:/Users/alanb/Projetos/operacao-meridian/frontend/src/game/__tests__/Scenarios.test.js:29:32
    at file:///C:/Users/alanb/Projetos/operacao-meridian/frontend/node_modules/@vitest/runner/dist/index.js:145:11
    at file:///C:/Users/alanb/Projetos/operacao-meridian/frontend/node_modules/@vitest/runner/dist/index.js:915:26
    at file:///C:/Users/alanb/Projetos/operacao-meridian/frontend/node_modules/@vitest/runner/dist/index.js:1243:20
    at new Promise (<anonymous>)
    at runWithTimeout (file:///C:/Users/alanb/Projetos/operacao-meridian/frontend/node_modules/@vitest/runner/dist/index.js:1209:10)
    at file:///C:/Users/alanb/Projetos/operacao-meridian/frontend/node_modules/@vitest/runner/dist/index.js:1653:37
    at Traces.$ (file:///C:/Users/alanb/Projetos/operacao-meridian/frontend/node_modules/vitest/dist/chunks/traces.CCmnQaNT.js:142:27)
FAIL: Scenario Configuration Validation Scenario: C002_S5 should have exactly 3 investigation points (interrogatorios) for each city in the route 
MESSAGE: AssertionError: City "Paris" in scenario C002_S5 should have exactly 3 interrogation points: expected 6 to be 3 // Object.is equality
    at C:/Users/alanb/Projetos/operacao-meridian/frontend/src/game/__tests__/Scenarios.test.js:31:146
    at Array.forEach (<anonymous>)
    at C:/Users/alanb/Projetos/operacao-meridian/frontend/src/game/__tests__/Scenarios.test.js:29:32
    at file:///C:/Users/alanb/Projetos/operacao-meridian/frontend/node_modules/@vitest/runner/dist/index.js:145:11
    at file:///C:/Users/alanb/Projetos/operacao-meridian/frontend/node_modules/@vitest/runner/dist/index.js:915:26
    at file:///C:/Users/alanb/Projetos/operacao-meridian/frontend/node_modules/@vitest/runner/dist/index.js:1243:20
    at new Promise (<anonymous>)
    at runWithTimeout (file:///C:/Users/alanb/Projetos/operacao-meridian/frontend/node_modules/@vitest/runner/dist/index.js:1209:10)
    at file:///C:/Users/alanb/Projetos/operacao-meridian/frontend/node_modules/@vitest/runner/dist/index.js:1653:37
    at Traces.$ (file:///C:/Users/alanb/Projetos/operacao-meridian/frontend/node_modules/vitest/dist/chunks/traces.CCmnQaNT.js:142:27)
FAIL: Scenario Configuration Validation Scenario: C003_S1 should have exactly 3 investigation points (interrogatorios) for each city in the route 
MESSAGE: AssertionError: City "Viena" in scenario C003_S1 should have exactly 3 interrogation points: expected 6 to be 3 // Object.is equality
    at C:/Users/alanb/Projetos/operacao-meridian/frontend/src/game/__tests__/Scenarios.test.js:31:146
    at Array.forEach (<anonymous>)
    at C:/Users/alanb/Projetos/operacao-meridian/frontend/src/game/__tests__/Scenarios.test.js:29:32
    at file:///C:/Users/alanb/Projetos/operacao-meridian/frontend/node_modules/@vitest/runner/dist/index.js:145:11
    at file:///C:/Users/alanb/Projetos/operacao-meridian/frontend/node_modules/@vitest/runner/dist/index.js:915:26
    at file:///C:/Users/alanb/Projetos/operacao-meridian/frontend/node_modules/@vitest/runner/dist/index.js:1243:20
    at new Promise (<anonymous>)
    at runWithTimeout (file:///C:/Users/alanb/Projetos/operacao-meridian/frontend/node_modules/@vitest/runner/dist/index.js:1209:10)
    at file:///C:/Users/alanb/Projetos/operacao-meridian/frontend/node_modules/@vitest/runner/dist/index.js:1653:37
    at Traces.$ (file:///C:/Users/alanb/Projetos/operacao-meridian/frontend/node_modules/vitest/dist/chunks/traces.CCmnQaNT.js:142:27)
FAIL: Scenario Configuration Validation Scenario: C003_S2 should have exactly 3 investigation points (interrogatorios) for each city in the route 
MESSAGE: AssertionError: City "Viena" in scenario C003_S2 should have exactly 3 interrogation points: expected 6 to be 3 // Object.is equality
    at C:/Users/alanb/Projetos/operacao-meridian/frontend/src/game/__tests__/Scenarios.test.js:31:146
    at Array.forEach (<anonymous>)
    at C:/Users/alanb/Projetos/operacao-meridian/frontend/src/game/__tests__/Scenarios.test.js:29:32
    at file:///C:/Users/alanb/Projetos/operacao-meridian/frontend/node_modules/@vitest/runner/dist/index.js:145:11
    at file:///C:/Users/alanb/Projetos/operacao-meridian/frontend/node_modules/@vitest/runner/dist/index.js:915:26
    at file:///C:/Users/alanb/Projetos/operacao-meridian/frontend/node_modules/@vitest/runner/dist/index.js:1243:20
    at new Promise (<anonymous>)
    at runWithTimeout (file:///C:/Users/alanb/Projetos/operacao-meridian/frontend/node_modules/@vitest/runner/dist/index.js:1209:10)
    at file:///C:/Users/alanb/Projetos/operacao-meridian/frontend/node_modules/@vitest/runner/dist/index.js:1653:37
    at Traces.$ (file:///C:/Users/alanb/Projetos/operacao-meridian/frontend/node_modules/vitest/dist/chunks/traces.CCmnQaNT.js:142:27)
FAIL: Scenario Configuration Validation Scenario: C003_S3 should have exactly 3 investigation points (interrogatorios) for each city in the route 
MESSAGE: AssertionError: City "Viena" in scenario C003_S3 should have exactly 3 interrogation points: expected 6 to be 3 // Object.is equality
    at C:/Users/alanb/Projetos/operacao-meridian/frontend/src/game/__tests__/Scenarios.test.js:31:146
    at Array.forEach (<anonymous>)
    at C:/Users/alanb/Projetos/operacao-meridian/frontend/src/game/__tests__/Scenarios.test.js:29:32
    at file:///C:/Users/alanb/Projetos/operacao-meridian/frontend/node_modules/@vitest/runner/dist/index.js:145:11
    at file:///C:/Users/alanb/Projetos/operacao-meridian/frontend/node_modules/@vitest/runner/dist/index.js:915:26
    at file:///C:/Users/alanb/Projetos/operacao-meridian/frontend/node_modules/@vitest/runner/dist/index.js:1243:20
    at new Promise (<anonymous>)
    at runWithTimeout (file:///C:/Users/alanb/Projetos/operacao-meridian/frontend/node_modules/@vitest/runner/dist/index.js:1209:10)
    at file:///C:/Users/alanb/Projetos/operacao-meridian/frontend/node_modules/@vitest/runner/dist/index.js:1653:37
    at Traces.$ (file:///C:/Users/alanb/Projetos/operacao-meridian/frontend/node_modules/vitest/dist/chunks/traces.CCmnQaNT.js:142:27)
FAIL: Scenario Configuration Validation Scenario: C003_S3 should ensure all travel options exist in global DESTINATION_OPTIONS 
MESSAGE: AssertionError: Travel route from "Roma" to "Dubai" in scenario C003_S3 must be defined in DESTINATION_OPTIONS in Caso.jsx: expected false to be true // Object.is equality
    at C:/Users/alanb/Projetos/operacao-meridian/frontend/src/game/__tests__/Scenarios.test.js:39:164
    at Array.forEach (<anonymous>)
    at C:/Users/alanb/Projetos/operacao-meridian/frontend/src/game/__tests__/Scenarios.test.js:37:34
    at Array.forEach (<anonymous>)
    at C:/Users/alanb/Projetos/operacao-meridian/frontend/src/game/__tests__/Scenarios.test.js:36:54
    at file:///C:/Users/alanb/Projetos/operacao-meridian/frontend/node_modules/@vitest/runner/dist/index.js:145:11
    at file:///C:/Users/alanb/Projetos/operacao-meridian/frontend/node_modules/@vitest/runner/dist/index.js:915:26
    at file:///C:/Users/alanb/Projetos/operacao-meridian/frontend/node_modules/@vitest/runner/dist/index.js:1243:20
    at new Promise (<anonymous>)
    at runWithTimeout (file:///C:/Users/alanb/Projetos/operacao-meridian/frontend/node_modules/@vitest/runner/dist/index.js:1209:10)
FAIL: Scenario Configuration Validation Scenario: C003_S4 should have exactly 3 investigation points (interrogatorios) for each city in the route 
MESSAGE: AssertionError: City "Viena" in scenario C003_S4 should have exactly 3 interrogation points: expected 6 to be 3 // Object.is equality
    at C:/Users/alanb/Projetos/operacao-meridian/frontend/src/game/__tests__/Scenarios.test.js:31:146
    at Array.forEach (<anonymous>)
    at C:/Users/alanb/Projetos/operacao-meridian/frontend/src/game/__tests__/Scenarios.test.js:29:32
    at file:///C:/Users/alanb/Projetos/operacao-meridian/frontend/node_modules/@vitest/runner/dist/index.js:145:11
    at file:///C:/Users/alanb/Projetos/operacao-meridian/frontend/node_modules/@vitest/runner/dist/index.js:915:26
    at file:///C:/Users/alanb/Projetos/operacao-meridian/frontend/node_modules/@vitest/runner/dist/index.js:1243:20
    at new Promise (<anonymous>)
    at runWithTimeout (file:///C:/Users/alanb/Projetos/operacao-meridian/frontend/node_modules/@vitest/runner/dist/index.js:1209:10)
    at file:///C:/Users/alanb/Projetos/operacao-meridian/frontend/node_modules/@vitest/runner/dist/index.js:1653:37
    at Traces.$ (file:///C:/Users/alanb/Projetos/operacao-meridian/frontend/node_modules/vitest/dist/chunks/traces.CCmnQaNT.js:142:27)
FAIL: Scenario Configuration Validation Scenario: C003_S5 should have exactly 3 investigation points (interrogatorios) for each city in the route 
MESSAGE: AssertionError: City "Viena" in scenario C003_S5 should have exactly 3 interrogation points: expected 6 to be 3 // Object.is equality
    at C:/Users/alanb/Projetos/operacao-meridian/frontend/src/game/__tests__/Scenarios.test.js:31:146
    at Array.forEach (<anonymous>)
    at C:/Users/alanb/Projetos/operacao-meridian/frontend/src/game/__tests__/Scenarios.test.js:29:32
    at file:///C:/Users/alanb/Projetos/operacao-meridian/frontend/node_modules/@vitest/runner/dist/index.js:145:11
    at file:///C:/Users/alanb/Projetos/operacao-meridian/frontend/node_modules/@vitest/runner/dist/index.js:915:26
    at file:///C:/Users/alanb/Projetos/operacao-meridian/frontend/node_modules/@vitest/runner/dist/index.js:1243:20
    at new Promise (<anonymous>)
    at runWithTimeout (file:///C:/Users/alanb/Projetos/operacao-meridian/frontend/node_modules/@vitest/runner/dist/index.js:1209:10)
    at file:///C:/Users/alanb/Projetos/operacao-meridian/frontend/node_modules/@vitest/runner/dist/index.js:1653:37
    at Traces.$ (file:///C:/Users/alanb/Projetos/operacao-meridian/frontend/node_modules/vitest/dist/chunks/traces.CCmnQaNT.js:142:27)
FAIL: Scenario Configuration Validation Scenario: C004_S1 should have exactly 3 investigation points (interrogatorios) for each city in the route 
MESSAGE: AssertionError: City "Cidade do Cabo" in scenario C004_S1 should have exactly 3 interrogation points: expected 6 to be 3 // Object.is equality
    at C:/Users/alanb/Projetos/operacao-meridian/frontend/src/game/__tests__/Scenarios.test.js:31:146
    at Array.forEach (<anonymous>)
    at C:/Users/alanb/Projetos/operacao-meridian/frontend/src/game/__tests__/Scenarios.test.js:29:32
    at file:///C:/Users/alanb/Projetos/operacao-meridian/frontend/node_modules/@vitest/runner/dist/index.js:145:11
    at file:///C:/Users/alanb/Projetos/operacao-meridian/frontend/node_modules/@vitest/runner/dist/index.js:915:26
    at file:///C:/Users/alanb/Projetos/operacao-meridian/frontend/node_modules/@vitest/runner/dist/index.js:1243:20
    at new Promise (<anonymous>)
    at runWithTimeout (file:///C:/Users/alanb/Projetos/operacao-meridian/frontend/node_modules/@vitest/runner/dist/index.js:1209:10)
    at file:///C:/Users/alanb/Projetos/operacao-meridian/frontend/node_modules/@vitest/runner/dist/index.js:1653:37
    at Traces.$ (file:///C:/Users/alanb/Projetos/operacao-meridian/frontend/node_modules/vitest/dist/chunks/traces.CCmnQaNT.js:142:27)
FAIL: Scenario Configuration Validation Scenario: C004_S2 should have exactly 3 investigation points (interrogatorios) for each city in the route 
MESSAGE: AssertionError: City "Cidade do Cabo" in scenario C004_S2 should have exactly 3 interrogation points: expected 6 to be 3 // Object.is equality
    at C:/Users/alanb/Projetos/operacao-meridian/frontend/src/game/__tests__/Scenarios.test.js:31:146
    at Array.forEach (<anonymous>)
    at C:/Users/alanb/Projetos/operacao-meridian/frontend/src/game/__tests__/Scenarios.test.js:29:32
    at file:///C:/Users/alanb/Projetos/operacao-meridian/frontend/node_modules/@vitest/runner/dist/index.js:145:11
    at file:///C:/Users/alanb/Projetos/operacao-meridian/frontend/node_modules/@vitest/runner/dist/index.js:915:26
    at file:///C:/Users/alanb/Projetos/operacao-meridian/frontend/node_modules/@vitest/runner/dist/index.js:1243:20
    at new Promise (<anonymous>)
    at runWithTimeout (file:///C:/Users/alanb/Projetos/operacao-meridian/frontend/node_modules/@vitest/runner/dist/index.js:1209:10)
    at file:///C:/Users/alanb/Projetos/operacao-meridian/frontend/node_modules/@vitest/runner/dist/index.js:1653:37
    at Traces.$ (file:///C:/Users/alanb/Projetos/operacao-meridian/frontend/node_modules/vitest/dist/chunks/traces.CCmnQaNT.js:142:27)
FAIL: Scenario Configuration Validation Scenario: C004_S3 should have exactly 3 investigation points (interrogatorios) for each city in the route 
MESSAGE: AssertionError: City "Cidade do Cabo" in scenario C004_S3 should have exactly 3 interrogation points: expected 6 to be 3 // Object.is equality
    at C:/Users/alanb/Projetos/operacao-meridian/frontend/src/game/__tests__/Scenarios.test.js:31:146
    at Array.forEach (<anonymous>)
    at C:/Users/alanb/Projetos/operacao-meridian/frontend/src/game/__tests__/Scenarios.test.js:29:32
    at file:///C:/Users/alanb/Projetos/operacao-meridian/frontend/node_modules/@vitest/runner/dist/index.js:145:11
    at file:///C:/Users/alanb/Projetos/operacao-meridian/frontend/node_modules/@vitest/runner/dist/index.js:915:26
    at file:///C:/Users/alanb/Projetos/operacao-meridian/frontend/node_modules/@vitest/runner/dist/index.js:1243:20
    at new Promise (<anonymous>)
    at runWithTimeout (file:///C:/Users/alanb/Projetos/operacao-meridian/frontend/node_modules/@vitest/runner/dist/index.js:1209:10)
    at file:///C:/Users/alanb/Projetos/operacao-meridian/frontend/node_modules/@vitest/runner/dist/index.js:1653:37
    at Traces.$ (file:///C:/Users/alanb/Projetos/operacao-meridian/frontend/node_modules/vitest/dist/chunks/traces.CCmnQaNT.js:142:27)
FAIL: Scenario Configuration Validation Scenario: C004_S4 should have exactly 3 investigation points (interrogatorios) for each city in the route 
MESSAGE: AssertionError: City "Cidade do Cabo" in scenario C004_S4 should have exactly 3 interrogation points: expected 6 to be 3 // Object.is equality
    at C:/Users/alanb/Projetos/operacao-meridian/frontend/src/game/__tests__/Scenarios.test.js:31:146
    at Array.forEach (<anonymous>)
    at C:/Users/alanb/Projetos/operacao-meridian/frontend/src/game/__tests__/Scenarios.test.js:29:32
    at file:///C:/Users/alanb/Projetos/operacao-meridian/frontend/node_modules/@vitest/runner/dist/index.js:145:11
    at file:///C:/Users/alanb/Projetos/operacao-meridian/frontend/node_modules/@vitest/runner/dist/index.js:915:26
    at file:///C:/Users/alanb/Projetos/operacao-meridian/frontend/node_modules/@vitest/runner/dist/index.js:1243:20
    at new Promise (<anonymous>)
    at runWithTimeout (file:///C:/Users/alanb/Projetos/operacao-meridian/frontend/node_modules/@vitest/runner/dist/index.js:1209:10)
    at file:///C:/Users/alanb/Projetos/operacao-meridian/frontend/node_modules/@vitest/runner/dist/index.js:1653:37
    at Traces.$ (file:///C:/Users/alanb/Projetos/operacao-meridian/frontend/node_modules/vitest/dist/chunks/traces.CCmnQaNT.js:142:27)
FAIL: Scenario Configuration Validation Scenario: C004_S5 should have exactly 3 investigation points (interrogatorios) for each city in the route 
MESSAGE: AssertionError: City "Cidade do Cabo" in scenario C004_S5 should have exactly 3 interrogation points: expected 6 to be 3 // Object.is equality
    at C:/Users/alanb/Projetos/operacao-meridian/frontend/src/game/__tests__/Scenarios.test.js:31:146
    at Array.forEach (<anonymous>)
    at C:/Users/alanb/Projetos/operacao-meridian/frontend/src/game/__tests__/Scenarios.test.js:29:32
    at file:///C:/Users/alanb/Projetos/operacao-meridian/frontend/node_modules/@vitest/runner/dist/index.js:145:11
    at file:///C:/Users/alanb/Projetos/operacao-meridian/frontend/node_modules/@vitest/runner/dist/index.js:915:26
    at file:///C:/Users/alanb/Projetos/operacao-meridian/frontend/node_modules/@vitest/runner/dist/index.js:1243:20
    at new Promise (<anonymous>)
    at runWithTimeout (file:///C:/Users/alanb/Projetos/operacao-meridian/frontend/node_modules/@vitest/runner/dist/index.js:1209:10)
    at file:///C:/Users/alanb/Projetos/operacao-meridian/frontend/node_modules/@vitest/runner/dist/index.js:1653:37
    at Traces.$ (file:///C:/Users/alanb/Projetos/operacao-meridian/frontend/node_modules/vitest/dist/chunks/traces.CCmnQaNT.js:142:27)
