
> frontend@0.0.0 test:run
> vitest run


[1m[46m RUN [49m[22m [36mv4.0.18 [39m[90mC:/Users/alanb/Projetos/operacao-meridian/frontend[39m

 [31mÔØ»[39m src/game/__tests__/Scenarios.test.js [2m([22m[2m80 tests[22m[2m | [22m[31m16 failed[39m[2m)[22m[32m 22[2mms[22m[39m
       [32mÔ£ô[39m should have exactly 3 travel options for each city in the route (except final)[32m 1[2mms[22m[39m
       [32mÔ£ô[39m should have exactly 3 investigation points (interrogatorios) for each city in the route[32m 0[2mms[22m[39m
       [32mÔ£ô[39m should ensure all travel options exist in global DESTINATION_OPTIONS[32m 0[2mms[22m[39m
       [32mÔ£ô[39m should ensure the route is logically consistent (each city connects to the next)[32m 1[2mms[22m[39m
       [32mÔ£ô[39m should have exactly 3 travel options for each city in the route (except final)[32m 0[2mms[22m[39m
       [32mÔ£ô[39m should have exactly 3 investigation points (interrogatorios) for each city in the route[32m 0[2mms[22m[39m
       [32mÔ£ô[39m should ensure all travel options exist in global DESTINATION_OPTIONS[32m 0[2mms[22m[39m
       [32mÔ£ô[39m should ensure the route is logically consistent (each city connects to the next)[32m 0[2mms[22m[39m
       [32mÔ£ô[39m should have exactly 3 travel options for each city in the route (except final)[32m 0[2mms[22m[39m
       [32mÔ£ô[39m should have exactly 3 investigation points (interrogatorios) for each city in the route[32m 0[2mms[22m[39m
       [32mÔ£ô[39m should ensure all travel options exist in global DESTINATION_OPTIONS[32m 0[2mms[22m[39m
       [32mÔ£ô[39m should ensure the route is logically consistent (each city connects to the next)[32m 0[2mms[22m[39m
       [32mÔ£ô[39m should have exactly 3 travel options for each city in the route (except final)[32m 0[2mms[22m[39m
       [32mÔ£ô[39m should have exactly 3 investigation points (interrogatorios) for each city in the route[32m 0[2mms[22m[39m
       [32mÔ£ô[39m should ensure all travel options exist in global DESTINATION_OPTIONS[32m 0[2mms[22m[39m
       [32mÔ£ô[39m should ensure the route is logically consistent (each city connects to the next)[32m 0[2mms[22m[39m
       [32mÔ£ô[39m should have exactly 3 travel options for each city in the route (except final)[32m 0[2mms[22m[39m
       [32mÔ£ô[39m should have exactly 3 investigation points (interrogatorios) for each city in the route[32m 0[2mms[22m[39m
       [32mÔ£ô[39m should ensure all travel options exist in global DESTINATION_OPTIONS[32m 0[2mms[22m[39m
       [32mÔ£ô[39m should ensure the route is logically consistent (each city connects to the next)[32m 0[2mms[22m[39m
       [32mÔ£ô[39m should have exactly 3 travel options for each city in the route (except final)[32m 0[2mms[22m[39m
[31m       [31m├ù[31m should have exactly 3 investigation points (interrogatorios) for each city in the route[39m[32m 5[2mms[22m[39m
       [32mÔ£ô[39m should ensure all travel options exist in global DESTINATION_OPTIONS[32m 0[2mms[22m[39m
       [32mÔ£ô[39m should ensure the route is logically consistent (each city connects to the next)[32m 0[2mms[22m[39m
       [32mÔ£ô[39m should have exactly 3 travel options for each city in the route (except final)[32m 0[2mms[22m[39m
[31m       [31m├ù[31m should have exactly 3 investigation points (interrogatorios) for each city in the route[39m[32m 0[2mms[22m[39m
       [32mÔ£ô[39m should ensure all travel options exist in global DESTINATION_OPTIONS[32m 0[2mms[22m[39m
       [32mÔ£ô[39m should ensure the route is logically consistent (each city connects to the next)[32m 0[2mms[22m[39m
       [32mÔ£ô[39m should have exactly 3 travel options for each city in the route (except final)[32m 0[2mms[22m[39m
[31m       [31m├ù[31m should have exactly 3 investigation points (interrogatorios) for each city in the route[39m[32m 0[2mms[22m[39m
       [32mÔ£ô[39m should ensure all travel options exist in global DESTINATION_OPTIONS[32m 0[2mms[22m[39m
       [32mÔ£ô[39m should ensure the route is logically consistent (each city connects to the next)[32m 0[2mms[22m[39m
       [32mÔ£ô[39m should have exactly 3 travel options for each city in the route (except final)[32m 0[2mms[22m[39m
[31m       [31m├ù[31m should have exactly 3 investigation points (interrogatorios) for each city in the route[39m[32m 0[2mms[22m[39m
       [32mÔ£ô[39m should ensure all travel options exist in global DESTINATION_OPTIONS[32m 0[2mms[22m[39m
       [32mÔ£ô[39m should ensure the route is logically consistent (each city connects to the next)[32m 0[2mms[22m[39m
       [32mÔ£ô[39m should have exactly 3 travel options for each city in the route (except final)[32m 0[2mms[22m[39m
[31m       [31m├ù[31m should have exactly 3 investigation points (interrogatorios) for each city in the route[39m[32m 0[2mms[22m[39m
       [32mÔ£ô[39m should ensure all travel options exist in global DESTINATION_OPTIONS[32m 0[2mms[22m[39m
       [32mÔ£ô[39m should ensure the route is logically consistent (each city connects to the next)[32m 0[2mms[22m[39m
       [32mÔ£ô[39m should have exactly 3 travel options for each city in the route (except final)[32m 0[2mms[22m[39m
[31m       [31m├ù[31m should have exactly 3 investigation points (interrogatorios) for each city in the route[39m[32m 0[2mms[22m[39m
       [32mÔ£ô[39m should ensure all travel options exist in global DESTINATION_OPTIONS[32m 0[2mms[22m[39m
       [32mÔ£ô[39m should ensure the route is logically consistent (each city connects to the next)[32m 0[2mms[22m[39m
       [32mÔ£ô[39m should have exactly 3 travel options for each city in the route (except final)[32m 0[2mms[22m[39m
[31m       [31m├ù[31m should have exactly 3 investigation points (interrogatorios) for each city in the route[39m[32m 0[2mms[22m[39m
       [32mÔ£ô[39m should ensure all travel options exist in global DESTINATION_OPTIONS[32m 0[2mms[22m[39m
       [32mÔ£ô[39m should ensure the route is logically consistent (each city connects to the next)[32m 0[2mms[22m[39m
       [32mÔ£ô[39m should have exactly 3 travel options for each city in the route (except final)[32m 0[2mms[22m[39m
[31m       [31m├ù[31m should have exactly 3 investigation points (interrogatorios) for each city in the route[39m[32m 0[2mms[22m[39m
[31m       [31m├ù[31m should ensure all travel options exist in global DESTINATION_OPTIONS[39m[32m 0[2mms[22m[39m
       [32mÔ£ô[39m should ensure the route is logically consistent (each city connects to the next)[32m 0[2mms[22m[39m
       [32mÔ£ô[39m should have exactly 3 travel options for each city in the route (except final)[32m 0[2mms[22m[39m
[31m       [31m├ù[31m should have exactly 3 investigation points (interrogatorios) for each city in the route[39m[32m 0[2mms[22m[39m
       [32mÔ£ô[39m should ensure all travel options exist in global DESTINATION_OPTIONS[32m 0[2mms[22m[39m
       [32mÔ£ô[39m should ensure the route is logically consistent (each city connects to the next)[32m 0[2mms[22m[39m
       [32mÔ£ô[39m should have exactly 3 travel options for each city in the route (except final)[32m 0[2mms[22m[39m
[31m       [31m├ù[31m should have exactly 3 investigation points (interrogatorios) for each city in the route[39m[32m 0[2mms[22m[39m
       [32mÔ£ô[39m should ensure all travel options exist in global DESTINATION_OPTIONS[32m 0[2mms[22m[39m
       [32mÔ£ô[39m should ensure the route is logically consistent (each city connects to the next)[32m 0[2mms[22m[39m
       [32mÔ£ô[39m should have exactly 3 travel options for each city in the route (except final)[32m 0[2mms[22m[39m
[31m       [31m├ù[31m should have exactly 3 investigation points (interrogatorios) for each city in the route[39m[32m 0[2mms[22m[39m
       [32mÔ£ô[39m should ensure all travel options exist in global DESTINATION_OPTIONS[32m 0[2mms[22m[39m
       [32mÔ£ô[39m should ensure the route is logically consistent (each city connects to the next)[32m 0[2mms[22m[39m
       [32mÔ£ô[39m should have exactly 3 travel options for each city in the route (except final)[32m 0[2mms[22m[39m
[31m       [31m├ù[31m should have exactly 3 investigation points (interrogatorios) for each city in the route[39m[32m 0[2mms[22m[39m
       [32mÔ£ô[39m should ensure all travel options exist in global DESTINATION_OPTIONS[32m 0[2mms[22m[39m
       [32mÔ£ô[39m should ensure the route is logically consistent (each city connects to the next)[32m 0[2mms[22m[39m
       [32mÔ£ô[39m should have exactly 3 travel options for each city in the route (except final)[32m 0[2mms[22m[39m
[31m       [31m├ù[31m should have exactly 3 investigation points (interrogatorios) for each city in the route[39m[32m 0[2mms[22m[39m
       [32mÔ£ô[39m should ensure all travel options exist in global DESTINATION_OPTIONS[32m 0[2mms[22m[39m
       [32mÔ£ô[39m should ensure the route is logically consistent (each city connects to the next)[32m 0[2mms[22m[39m
       [32mÔ£ô[39m should have exactly 3 travel options for each city in the route (except final)[32m 0[2mms[22m[39m
[31m       [31m├ù[31m should have exactly 3 investigation points (interrogatorios) for each city in the route[39m[32m 0[2mms[22m[39m
       [32mÔ£ô[39m should ensure all travel options exist in global DESTINATION_OPTIONS[32m 0[2mms[22m[39m
       [32mÔ£ô[39m should ensure the route is logically consistent (each city connects to the next)[32m 0[2mms[22m[39m
       [32mÔ£ô[39m should have exactly 3 travel options for each city in the route (except final)[32m 0[2mms[22m[39m
[31m       [31m├ù[31m should have exactly 3 investigation points (interrogatorios) for each city in the route[39m[32m 0[2mms[22m[39m
       [32mÔ£ô[39m should ensure all travel options exist in global DESTINATION_OPTIONS[32m 0[2mms[22m[39m
       [32mÔ£ô[39m should ensure the route is logically consistent (each city connects to the next)[32m 0[2mms[22m[39m
node.exe : 
No linha:1 caractere:1
+ & "C:\Program 
Files\nodejs/node.exe" 
"C:\Program 
Files\nodejs/node_mo 
...
+ ~~~~~~~~~~~~~~~~~~~~~
~~~~~~~~~~~~~~~~~~~~~~~
~~~~~~~~~~~~~~~~~~~~~~~
~~
    + CategoryInfo     
         : NotSpecifi  
  ed: (:String) [],    
 RemoteException
    + FullyQualifiedEr 
   rorId : NativeComm  
  andError
 
[31mÔÄ»ÔÄ»ÔÄ»ÔÄ»ÔÄ»ÔÄ»
[39m[1m[41m Failed 
Tests 16 [49m[22m[31
mÔÄ»ÔÄ»ÔÄ»ÔÄ»ÔÄ»ÔÄ»ÔÄ»
[39m

[41m[1m FAIL 
[22m[49m src/game/__t
ests__/Scenarios.test.j
s[2m > [22mScenario 
Configuration 
Validation[2m > 
[22mScenario: 
C002_S1[2m > 
[22mshould have 
exactly 3 
investigation points 
(interrogatorios) for 
each city in the route
[31m[1mAssertionError
[22m: City "Paris" in 
scenario C002_S1 
should have exactly 3 
interrogation points: 
expected 6 to be 3 // 
Object.is equality[39m

[32m- Expected[39m
[31m+ Received[39m

[32m- 3[39m
[31m+ 6[39m

[36m [2mÔØ»[22m src/
game/__tests__/Scenario
s.test.js:[2m31:146[2
2m[39m
    [90m 29| [39m    
            scenario[3
3m.[39mroute[33m.[39
m[34mforEach[39m(city
 [33m=>[39m {
    [90m 30| [39m    
                const 
interrogatoriesInCity 
= 
scenario.interrogatoÔÇª
    [90m 31| [39m    
                expect(
interrogatoriesInCity.l
ength, `City "${cityÔÇª
    [90m   | [39m    
                       
                       
                       
                       
                       
                       
   [31m^[39m
    [90m 32| [39m    
            
})[33m;[39m
    [90m 33| [39m    
        })[33m;[39m
[90m [2mÔØ»[22m src/
game/__tests__/Scenario
s.test.js:[2m29:32[22
m[39m

[31m[2mÔÄ»ÔÄ»ÔÄ»ÔÄ»ÔÄ
»ÔÄ»ÔÄ»ÔÄ»ÔÄ»ÔÄ»ÔÄ»ÔÄ»Ô
Ä»ÔÄ»ÔÄ»ÔÄ»ÔÄ»ÔÄ»ÔÄ»ÔÄ»
ÔÄ»ÔÄ»ÔÄ»[1/16]ÔÄ»[22m
[39m

[41m[1m FAIL 
[22m[49m src/game/__t
ests__/Scenarios.test.j
s[2m > [22mScenario 
Configuration 
Validation[2m > 
[22mScenario: 
C002_S2[2m > 
[22mshould have 
exactly 3 
investigation points 
(interrogatorios) for 
each city in the route
[31m[1mAssertionError
[22m: City "Paris" in 
scenario C002_S2 
should have exactly 3 
interrogation points: 
expected 6 to be 3 // 
Object.is equality[39m

[32m- Expected[39m
[31m+ Received[39m

[32m- 3[39m
[31m+ 6[39m

[36m [2mÔØ»[22m src/
game/__tests__/Scenario
s.test.js:[2m31:146[2
2m[39m
    [90m 29| [39m    
            scenario[3
3m.[39mroute[33m.[39
m[34mforEach[39m(city
 [33m=>[39m {
    [90m 30| [39m    
                const 
interrogatoriesInCity 
= 
scenario.interrogatoÔÇª
    [90m 31| [39m    
                expect(
interrogatoriesInCity.l
ength, `City "${cityÔÇª
    [90m   | [39m    
                       
                       
                       
                       
                       
                       
   [31m^[39m
    [90m 32| [39m    
            
})[33m;[39m
    [90m 33| [39m    
        })[33m;[39m
[90m [2mÔØ»[22m src/
game/__tests__/Scenario
s.test.js:[2m29:32[22
m[39m

[31m[2mÔÄ»ÔÄ»ÔÄ»ÔÄ»ÔÄ
»ÔÄ»ÔÄ»ÔÄ»ÔÄ»ÔÄ»ÔÄ»ÔÄ»Ô
Ä»ÔÄ»ÔÄ»ÔÄ»ÔÄ»ÔÄ»ÔÄ»ÔÄ»
ÔÄ»ÔÄ»ÔÄ»[2/16]ÔÄ»[22m
[39m

[41m[1m FAIL 
[22m[49m src/game/__t
ests__/Scenarios.test.j
s[2m > [22mScenario 
Configuration 
Validation[2m > 
[22mScenario: 
C002_S3[2m > 
[22mshould have 
exactly 3 
investigation points 
(interrogatorios) for 
each city in the route
[31m[1mAssertionError
[22m: City "Paris" in 
scenario C002_S3 
should have exactly 3 
interrogation points: 
expected 6 to be 3 // 
Object.is equality[39m

[32m- Expected[39m
[31m+ Received[39m

[32m- 3[39m
[31m+ 6[39m

[36m [2mÔØ»[22m src/
game/__tests__/Scenario
s.test.js:[2m31:146[2
2m[39m
    [90m 29| [39m    
            scenario[3
3m.[39mroute[33m.[39
m[34mforEach[39m(city
 [33m=>[39m {
    [90m 30| [39m    
                const 
interrogatoriesInCity 
= 
scenario.interrogatoÔÇª
    [90m 31| [39m    
                expect(
interrogatoriesInCity.l
ength, `City "${cityÔÇª
    [90m   | [39m    
                       
                       
                       
                       
                       
                       
   [31m^[39m
    [90m 32| [39m    
            
})[33m;[39m
    [90m 33| [39m    
        })[33m;[39m
[90m [2mÔØ»[22m src/
game/__tests__/Scenario
s.test.js:[2m29:32[22
m[39m

[31m[2mÔÄ»ÔÄ»ÔÄ»ÔÄ»ÔÄ
»ÔÄ»ÔÄ»ÔÄ»ÔÄ»ÔÄ»ÔÄ»ÔÄ»Ô
Ä»ÔÄ»ÔÄ»ÔÄ»ÔÄ»ÔÄ»ÔÄ»ÔÄ»
ÔÄ»ÔÄ»ÔÄ»[3/16]ÔÄ»[22m
[39m

[41m[1m FAIL 
[22m[49m src/game/__t
ests__/Scenarios.test.j
s[2m > [22mScenario 
Configuration 
Validation[2m > 
[22mScenario: 
C002_S4[2m > 
[22mshould have 
exactly 3 
investigation points 
(interrogatorios) for 
each city in the route
[31m[1mAssertionError
[22m: City "Paris" in 
scenario C002_S4 
should have exactly 3 
interrogation points: 
expected 6 to be 3 // 
Object.is equality[39m

[32m- Expected[39m
[31m+ Received[39m

[32m- 3[39m
[31m+ 6[39m

[36m [2mÔØ»[22m src/
game/__tests__/Scenario
s.test.js:[2m31:146[2
2m[39m
    [90m 29| [39m    
            scenario[3
3m.[39mroute[33m.[39
m[34mforEach[39m(city
 [33m=>[39m {
    [90m 30| [39m    
                const 
interrogatoriesInCity 
= 
scenario.interrogatoÔÇª
    [90m 31| [39m    
                expect(
interrogatoriesInCity.l
ength, `City "${cityÔÇª
    [90m   | [39m    
                       
                       
                       
                       
                       
                       
   [31m^[39m
    [90m 32| [39m    
            
})[33m;[39m
    [90m 33| [39m    
        })[33m;[39m
[90m [2mÔØ»[22m src/
game/__tests__/Scenario
s.test.js:[2m29:32[22
m[39m

[31m[2mÔÄ»ÔÄ»ÔÄ»ÔÄ»ÔÄ
»ÔÄ»ÔÄ»ÔÄ»ÔÄ»ÔÄ»ÔÄ»ÔÄ»Ô
Ä»ÔÄ»ÔÄ»ÔÄ»ÔÄ»ÔÄ»ÔÄ»ÔÄ»
ÔÄ»ÔÄ»ÔÄ»[4/16]ÔÄ»[22m
[39m

[41m[1m FAIL 
[22m[49m src/game/__t
ests__/Scenarios.test.j
s[2m > [22mScenario 
Configuration 
Validation[2m > 
[22mScenario: 
C002_S5[2m > 
[22mshould have 
exactly 3 
investigation points 
(interrogatorios) for 
each city in the route
[31m[1mAssertionError
[22m: City "Paris" in 
scenario C002_S5 
should have exactly 3 
interrogation points: 
expected 6 to be 3 // 
Object.is equality[39m

[32m- Expected[39m
[31m+ Received[39m

[32m- 3[39m
[31m+ 6[39m

[36m [2mÔØ»[22m src/
game/__tests__/Scenario
s.test.js:[2m31:146[2
2m[39m
    [90m 29| [39m    
            scenario[3
3m.[39mroute[33m.[39
m[34mforEach[39m(city
 [33m=>[39m {
    [90m 30| [39m    
                const 
interrogatoriesInCity 
= 
scenario.interrogatoÔÇª
    [90m 31| [39m    
                expect(
interrogatoriesInCity.l
ength, `City "${cityÔÇª
    [90m   | [39m    
                       
                       
                       
                       
                       
                       
   [31m^[39m
    [90m 32| [39m    
            
})[33m;[39m
    [90m 33| [39m    
        })[33m;[39m
[90m [2mÔØ»[22m src/
game/__tests__/Scenario
s.test.js:[2m29:32[22
m[39m

[31m[2mÔÄ»ÔÄ»ÔÄ»ÔÄ»ÔÄ
»ÔÄ»ÔÄ»ÔÄ»ÔÄ»ÔÄ»ÔÄ»ÔÄ»Ô
Ä»ÔÄ»ÔÄ»ÔÄ»ÔÄ»ÔÄ»ÔÄ»ÔÄ»
ÔÄ»ÔÄ»ÔÄ»[5/16]ÔÄ»[22m
[39m

[41m[1m FAIL 
[22m[49m src/game/__t
ests__/Scenarios.test.j
s[2m > [22mScenario 
Configuration 
Validation[2m > 
[22mScenario: 
C003_S1[2m > 
[22mshould have 
exactly 3 
investigation points 
(interrogatorios) for 
each city in the route
[31m[1mAssertionError
[22m: City "Viena" in 
scenario C003_S1 
should have exactly 3 
interrogation points: 
expected 6 to be 3 // 
Object.is equality[39m

[32m- Expected[39m
[31m+ Received[39m

[32m- 3[39m
[31m+ 6[39m

[36m [2mÔØ»[22m src/
game/__tests__/Scenario
s.test.js:[2m31:146[2
2m[39m
    [90m 29| [39m    
            scenario[3
3m.[39mroute[33m.[39
m[34mforEach[39m(city
 [33m=>[39m {
    [90m 30| [39m    
                const 
interrogatoriesInCity 
= 
scenario.interrogatoÔÇª
    [90m 31| [39m    
                expect(
interrogatoriesInCity.l
ength, `City "${cityÔÇª
    [90m   | [39m    
                       
                       
                       
                       
                       
                       
   [31m^[39m
    [90m 32| [39m    
            
})[33m;[39m
    [90m 33| [39m    
        })[33m;[39m
[90m [2mÔØ»[22m src/
game/__tests__/Scenario
s.test.js:[2m29:32[22
m[39m

[31m[2mÔÄ»ÔÄ»ÔÄ»ÔÄ»ÔÄ
»ÔÄ»ÔÄ»ÔÄ»ÔÄ»ÔÄ»ÔÄ»ÔÄ»Ô
Ä»ÔÄ»ÔÄ»ÔÄ»ÔÄ»ÔÄ»ÔÄ»ÔÄ»
ÔÄ»ÔÄ»ÔÄ»[6/16]ÔÄ»[22m
[39m

[41m[1m FAIL 
[22m[49m src/game/__t
ests__/Scenarios.test.j
s[2m > [22mScenario 
Configuration 
Validation[2m > 
[22mScenario: 
C003_S2[2m > 
[22mshould have 
exactly 3 
investigation points 
(interrogatorios) for 
each city in the route
[31m[1mAssertionError
[22m: City "Viena" in 
scenario C003_S2 
should have exactly 3 
interrogation points: 
expected 6 to be 3 // 
Object.is equality[39m

[32m- Expected[39m
[31m+ Received[39m

[32m- 3[39m
[31m+ 6[39m

[36m [2mÔØ»[22m src/
game/__tests__/Scenario
s.test.js:[2m31:146[2
2m[39m
    [90m 29| [39m    
            scenario[3
3m.[39mroute[33m.[39
m[34mforEach[39m(city
 [33m=>[39m {
    [90m 30| [39m    
                const 
interrogatoriesInCity 
= 
scenario.interrogatoÔÇª
    [90m 31| [39m    
                expect(
interrogatoriesInCity.l
ength, `City "${cityÔÇª
    [90m   | [39m    
                       
                       
                       
                       
                       
                       
   [31m^[39m
    [90m 32| [39m    
            
})[33m;[39m
    [90m 33| [39m    
        })[33m;[39m
[90m [2mÔØ»[22m src/
game/__tests__/Scenario
s.test.js:[2m29:32[22
m[39m

[31m[2mÔÄ»ÔÄ»ÔÄ»ÔÄ»ÔÄ
»ÔÄ»ÔÄ»ÔÄ»ÔÄ»ÔÄ»ÔÄ»ÔÄ»Ô
Ä»ÔÄ»ÔÄ»ÔÄ»ÔÄ»ÔÄ»ÔÄ»ÔÄ»
ÔÄ»ÔÄ»ÔÄ»[7/16]ÔÄ»[22m
[39m

[41m[1m FAIL 
[22m[49m src/game/__t
ests__/Scenarios.test.j
s[2m > [22mScenario 
Configuration 
Validation[2m > 
[22mScenario: 
C003_S3[2m > 
[22mshould have 
exactly 3 
investigation points 
(interrogatorios) for 
each city in the route
[31m[1mAssertionError
[22m: City "Viena" in 
scenario C003_S3 
should have exactly 3 
interrogation points: 
expected 6 to be 3 // 
Object.is equality[39m

[32m- Expected[39m
[31m+ Received[39m

[32m- 3[39m
[31m+ 6[39m

[36m [2mÔØ»[22m src/
game/__tests__/Scenario
s.test.js:[2m31:146[2
2m[39m
    [90m 29| [39m    
            scenario[3
3m.[39mroute[33m.[39
m[34mforEach[39m(city
 [33m=>[39m {
    [90m 30| [39m    
                const 
interrogatoriesInCity 
= 
scenario.interrogatoÔÇª
    [90m 31| [39m    
                expect(
interrogatoriesInCity.l
ength, `City "${cityÔÇª
    [90m   | [39m    
                       
                       
                       
                       
                       
                       
   [31m^[39m
    [90m 32| [39m    
            
})[33m;[39m
    [90m 33| [39m    
        })[33m;[39m
[90m [2mÔØ»[22m src/
game/__tests__/Scenario
s.test.js:[2m29:32[22
m[39m

[31m[2mÔÄ»ÔÄ»ÔÄ»ÔÄ»ÔÄ
»ÔÄ»ÔÄ»ÔÄ»ÔÄ»ÔÄ»ÔÄ»ÔÄ»Ô
Ä»ÔÄ»ÔÄ»ÔÄ»ÔÄ»ÔÄ»ÔÄ»ÔÄ»
ÔÄ»ÔÄ»ÔÄ»[8/16]ÔÄ»[22m
[39m

[41m[1m FAIL 
[22m[49m src/game/__t
ests__/Scenarios.test.j
s[2m > [22mScenario 
Configuration 
Validation[2m > 
[22mScenario: 
C003_S3[2m > 
[22mshould ensure all 
travel options exist 
in global 
DESTINATION_OPTIONS
[31m[1mAssertionError
[22m: Travel route 
from "Roma" to "Dubai" 
in scenario C003_S3 
must be defined in 
DESTINATION_OPTIONS in 
Caso.jsx: expected 
false to be true // 
Object.is equality[39m

[32m- Expected[39m
[31m+ Received[39m

[32m- true[39m
[31m+ false[39m

[36m [2mÔØ»[22m src/
game/__tests__/Scenario
s.test.js:[2m39:164[2
2m[39m
    [90m 37| [39m    
                destina
tions[33m.[39m[34mfo
rEach[39m(dest 
[33m=>[39m {
    [90m 38| [39m    
                    
const exists = DESTINAT
ION_OPTIONS.some(opt 
=>ÔÇª
    [90m 39| [39m    
                    
expect(exists, `Travel 
route from "${origin}" 
ÔÇª
    [90m   | [39m    
                       
                       
                       
                       
                       
                       
                     
[31m^[39m
    [90m 40| [39m    
                
})[33m;[39m
    [90m 41| [39m    
            
})[33m;[39m
[90m [2mÔØ»[22m src/
game/__tests__/Scenario
s.test.js:[2m37:34[22
m[39m
[90m [2mÔØ»[22m src/
game/__tests__/Scenario
s.test.js:[2m36:54[22
m[39m

[31m[2mÔÄ»ÔÄ»ÔÄ»ÔÄ»ÔÄ
»ÔÄ»ÔÄ»ÔÄ»ÔÄ»ÔÄ»ÔÄ»ÔÄ»Ô
Ä»ÔÄ»ÔÄ»ÔÄ»ÔÄ»ÔÄ»ÔÄ»ÔÄ»
ÔÄ»ÔÄ»ÔÄ»[9/16]ÔÄ»[22m
[39m

[41m[1m FAIL 
[22m[49m src/game/__t
ests__/Scenarios.test.j
s[2m > [22mScenario 
Configuration 
Validation[2m > 
[22mScenario: 
C003_S4[2m > 
[22mshould have 
exactly 3 
investigation points 
(interrogatorios) for 
each city in the route
[31m[1mAssertionError
[22m: City "Viena" in 
scenario C003_S4 
should have exactly 3 
interrogation points: 
expected 6 to be 3 // 
Object.is equality[39m

[32m- Expected[39m
[31m+ Received[39m

[32m- 3[39m
[31m+ 6[39m

[36m [2mÔØ»[22m src/
game/__tests__/Scenario
s.test.js:[2m31:146[2
2m[39m
    [90m 29| [39m    
            scenario[3
3m.[39mroute[33m.[39
m[34mforEach[39m(city
 [33m=>[39m {
    [90m 30| [39m    
                const 
interrogatoriesInCity 
= 
scenario.interrogatoÔÇª
    [90m 31| [39m    
                expect(
interrogatoriesInCity.l
ength, `City "${cityÔÇª
    [90m   | [39m    
                       
                       
                       
                       
                       
                       
   [31m^[39m
    [90m 32| [39m    
            
})[33m;[39m
    [90m 33| [39m    
        })[33m;[39m
[90m [2mÔØ»[22m src/
game/__tests__/Scenario
s.test.js:[2m29:32[22
m[39m

[31m[2mÔÄ»ÔÄ»ÔÄ»ÔÄ»ÔÄ
»ÔÄ»ÔÄ»ÔÄ»ÔÄ»ÔÄ»ÔÄ»ÔÄ»Ô
Ä»ÔÄ»ÔÄ»ÔÄ»ÔÄ»ÔÄ»ÔÄ»ÔÄ»
ÔÄ»ÔÄ»[10/16]ÔÄ»[22m[
39m

[41m[1m FAIL 
[22m[49m src/game/__t
ests__/Scenarios.test.j
s[2m > [22mScenario 
Configuration 
Validation[2m > 
[22mScenario: 
C003_S5[2m > 
[22mshould have 
exactly 3 
investigation points 
(interrogatorios) for 
each city in the route
[31m[1mAssertionError
[22m: City "Viena" in 
scenario C003_S5 
should have exactly 3 
interrogation points: 
expected 6 to be 3 // 
Object.is equality[39m

[32m- Expected[39m
[31m+ Received[39m

[32m- 3[39m
[31m+ 6[39m

[36m [2mÔØ»[22m src/
game/__tests__/Scenario
s.test.js:[2m31:146[2
2m[39m
    [90m 29| [39m    
            scenario[3
3m.[39mroute[33m.[39
m[34mforEach[39m(city
 [33m=>[39m {
    [90m 30| [39m    
                const 
interrogatoriesInCity 
= 
scenario.interrogatoÔÇª
    [90m 31| [39m    
                expect(
interrogatoriesInCity.l
ength, `City "${cityÔÇª
    [90m   | [39m    
                       
                       
                       
                       
                       
                       
   [31m^[39m
    [90m 32| [39m    
            
})[33m;[39m
    [90m 33| [39m    
        })[33m;[39m
[90m [2mÔØ»[22m src/
game/__tests__/Scenario
s.test.js:[2m29:32[22
m[39m

[31m[2mÔÄ»ÔÄ»ÔÄ»ÔÄ»ÔÄ
»ÔÄ»ÔÄ»ÔÄ»ÔÄ»ÔÄ»ÔÄ»ÔÄ»Ô
Ä»ÔÄ»ÔÄ»ÔÄ»ÔÄ»ÔÄ»ÔÄ»ÔÄ»
ÔÄ»ÔÄ»[11/16]ÔÄ»[22m[
39m

[41m[1m FAIL 
[22m[49m src/game/__t
ests__/Scenarios.test.j
s[2m > [22mScenario 
Configuration 
Validation[2m > 
[22mScenario: 
C004_S1[2m > 
[22mshould have 
exactly 3 
investigation points 
(interrogatorios) for 
each city in the route
[31m[1mAssertionError
[22m: City "Cidade do 
Cabo" in scenario 
C004_S1 should have 
exactly 3 
interrogation points: 
expected 6 to be 3 // 
Object.is equality[39m

[32m- Expected[39m
[31m+ Received[39m

[32m- 3[39m
[31m+ 6[39m

[36m [2mÔØ»[22m src/
game/__tests__/Scenario
s.test.js:[2m31:146[2
2m[39m
    [90m 29| [39m    
            scenario[3
3m.[39mroute[33m.[39
m[34mforEach[39m(city
 [33m=>[39m {
    [90m 30| [39m    
                const 
interrogatoriesInCity 
= 
scenario.interrogatoÔÇª
    [90m 31| [39m    
                expect(
interrogatoriesInCity.l
ength, `City "${cityÔÇª
    [90m   | [39m    
                       
                       
                       
                       
                       
                       
   [31m^[39m
    [90m 32| [39m    
            
})[33m;[39m
    [90m 33| [39m    
        })[33m;[39m
[90m [2mÔØ»[22m src/
game/__tests__/Scenario
s.test.js:[2m29:32[22
m[39m

[31m[2mÔÄ»ÔÄ»ÔÄ»ÔÄ»ÔÄ
»ÔÄ»ÔÄ»ÔÄ»ÔÄ»ÔÄ»ÔÄ»ÔÄ»Ô
Ä»ÔÄ»ÔÄ»ÔÄ»ÔÄ»ÔÄ»ÔÄ»ÔÄ»
ÔÄ»ÔÄ»[12/16]ÔÄ»[22m[
39m

[41m[1m FAIL 
[22m[49m src/game/__t
ests__/Scenarios.test.j
s[2m > [22mScenario 
Configuration 
Validation[2m > 
[22mScenario: 
C004_S2[2m > 
[22mshould have 
exactly 3 
investigation points 
(interrogatorios) for 
each city in the route
[31m[1mAssertionError
[22m: City "Cidade do 
Cabo" in scenario 
C004_S2 should have 
exactly 3 
interrogation points: 
expected 6 to be 3 // 
Object.is equality[39m

[32m- Expected[39m
[31m+ Received[39m

[32m- 3[39m
[31m+ 6[39m

[36m [2mÔØ»[22m src/
game/__tests__/Scenario
s.test.js:[2m31:146[2
2m[39m
    [90m 29| [39m    
            scenario[3
3m.[39mroute[33m.[39
m[34mforEach[39m(city
 [33m=>[39m {
    [90m 30| [39m    
                const 
interrogatoriesInCity 
= 
scenario.interrogatoÔÇª
    [90m 31| [39m    
                expect(
interrogatoriesInCity.l
ength, `City "${cityÔÇª
    [90m   | [39m    
                       
                       
                       
                       
                       
                       
   [31m^[39m
    [90m 32| [39m    
            
})[33m;[39m
    [90m 33| [39m    
        })[33m;[39m
[90m [2mÔØ»[22m src/
game/__tests__/Scenario
s.test.js:[2m29:32[22
m[39m

[31m[2mÔÄ»ÔÄ»ÔÄ»ÔÄ»ÔÄ
»ÔÄ»ÔÄ»ÔÄ»ÔÄ»ÔÄ»ÔÄ»ÔÄ»Ô
Ä»ÔÄ»ÔÄ»ÔÄ»ÔÄ»ÔÄ»ÔÄ»ÔÄ»
ÔÄ»ÔÄ»[13/16]ÔÄ»[22m[
39m

[41m[1m FAIL 
[22m[49m src/game/__t
ests__/Scenarios.test.j
s[2m > [22mScenario 
Configuration 
Validation[2m > 
[22mScenario: 
C004_S3[2m > 
[22mshould have 
exactly 3 
investigation points 
(interrogatorios) for 
each city in the route
[31m[1mAssertionError
[22m: City "Cidade do 
Cabo" in scenario 
C004_S3 should have 
exactly 3 
interrogation points: 
expected 6 to be 3 // 
Object.is equality[39m

[32m- Expected[39m
[31m+ Received[39m

[32m- 3[39m
[31m+ 6[39m


[36m [2mÔØ»[22m src/
game/__tests__/Scenario
s.test.js:[2m31:146[2
2m[39m
    [90m 29| [39m    
            scenario[3
3m.[39mroute[33m.[39
m[34mforEach[39m(city
 [33m=>[39m {
    [90m 30| [39m    
                const 
interrogatoriesInCity 
= 
scenario.interrogatoÔÇª
    [90m 31| [39m    
                expect(
interrogatoriesInCity.l
ength, `City "${cityÔÇª
    [90m   | [39m    
                       
                       
                       
                       
                       
                       
   [31m^[39m
    [90m 32| [39m    
            
})[33m;[39m
    [90m 33| [39m    
        })[33m;[39m
[90m [2mÔØ»[22m src/
game/__tests__/Scenario
s.test.js:[2m29:32[22
m[39m

[31m[2mÔÄ»ÔÄ»ÔÄ»ÔÄ»ÔÄ
»ÔÄ»ÔÄ»ÔÄ»ÔÄ»ÔÄ»ÔÄ»ÔÄ»Ô
Ä»ÔÄ»ÔÄ»ÔÄ»ÔÄ»ÔÄ»ÔÄ»ÔÄ»
ÔÄ»ÔÄ»[14/16]ÔÄ»[22m[
39m

[41m[1m FAIL 
[22m[49m src/game/__t
ests__/Scenarios.test.j
s[2m > [22mScenario 
Configuration 
Validation[2m > 
[22mScenario: 
C004_S4[2m > 
[22mshould have 
exactly 3 
investigation points 
(interrogatorios) for 
each city in the route
[31m[1mAssertionError
[22m: City "Cidade do 
Cabo" in scenario 
C004_S4 should have 
exactly 3 
interrogation points: 
expected 6 to be 3 // 
Object.is equality[39m

[32m- Expected[39m
[31m+ Received[39m

[32m- 3[39m
[31m+ 6[39m

[36m [2mÔØ»[22m src/
game/__tests__/Scenario
s.test.js:[2m31:146[2
2m[39m
    [90m 29| [39m    
            scenario[3
3m.[39mroute[33m.[39
m[34mforEach[39m(city
 [33m=>[39m {
    [90m 30| [39m    
                const 
interrogatoriesInCity 
= 
scenario.interrogatoÔÇª
    [90m 31| [39m    
                expect(
interrogatoriesInCity.l
ength, `City "${cityÔÇª
    [90m   | [39m    
                       
                       
                       
                       
                       
                       
   [31m^[39m
    [90m 32| [39m    
            
})[33m;[39m
    [90m 33| [39m    
        })[33m;[39m
[90m [2mÔØ»[22m src/
game/__tests__/Scenario
s.test.js:[2m29:32[22
m[39m

[31m[2mÔÄ»ÔÄ»ÔÄ»ÔÄ»ÔÄ
»ÔÄ»ÔÄ»ÔÄ»ÔÄ»ÔÄ»ÔÄ»ÔÄ»Ô
Ä»ÔÄ»ÔÄ»ÔÄ»ÔÄ»ÔÄ»ÔÄ»ÔÄ»
ÔÄ»ÔÄ»[15/16]ÔÄ»[22m[
39m

[41m[1m FAIL 
[22m[49m src/game/__t
ests__/Scenarios.test.j
s[2m > [22mScenario 
Configuration 
Validation[2m > 
[22mScenario: 
C004_S5[2m > 
[22mshould have 
exactly 3 
investigation points 
(interrogatorios) for 
each city in the route
[31m[1mAssertionError
[22m: City "Cidade do 
Cabo" in scenario 
C004_S5 should have 
exactly 3 
interrogation points: 
expected 6 to be 3 // 
Object.is equality[39m

[32m- Expected[39m
[31m+ Received[39m

[32m- 3[39m
[31m+ 6[39m

[36m [2mÔØ»[22m src/
game/__tests__/Scenario
s.test.js:[2m31:146[2
2m[39m
    [90m 29| [39m    
            scenario[3
3m.[39mroute[33m.[39
m[34mforEach[39m(city
 [33m=>[39m {
    [90m 30| [39m    
                const 
interrogatoriesInCity 
= 
scenario.interrogatoÔÇª
    [90m 31| [39m    
                expect(
interrogatoriesInCity.l
ength, `City "${cityÔÇª
    [90m   | [39m    
                       
                       
                       
                       
                       
                       
   [31m^[39m
    [90m 32| [39m    
            
})[33m;[39m
    [90m 33| [39m    
        })[33m;[39m
[90m [2mÔØ»[22m src/
game/__tests__/Scenario
s.test.js:[2m29:32[22
m[39m

[31m[2mÔÄ»ÔÄ»ÔÄ»ÔÄ»ÔÄ
»ÔÄ»ÔÄ»ÔÄ»ÔÄ»ÔÄ»ÔÄ»ÔÄ»Ô
Ä»ÔÄ»ÔÄ»ÔÄ»ÔÄ»ÔÄ»ÔÄ»ÔÄ»
ÔÄ»ÔÄ»[16/16]ÔÄ»[22m[
39m

[2m Test Files [22m [1m[31m1 failed[39m[22m[90m (1)[39m
[2m      Tests [22m [1m[31m16 failed[39m[22m[2m | [22m[1m[32m64 passed[39m[22m[90m (80)[39m
[2m   Start at [22m 21:01:08
[2m   Duration [22m 1.41s[2m (transform 297ms, setup 134ms, import 393ms, tests 22ms, environment 699ms)[22m

